// Jest Snapshot v1, https://goo.gl/fbAQLP

exports[`<Stripes /> should render correctly 1`] = `
<div
  className="root"
>
  <div
    className="root"
  />
  <div
    className="root"
  />
  <div
    className="root"
  />
  <div
    className="root"
  />
  <div
    className="root"
  />
</div>
`;
