// Jest Snapshot v1, https://goo.gl/fbAQLP

exports[`<Author /> should render correctly 1`] = `
<h1
  className="root"
>
  Joey Schroeder
</h1>
`;
