// Jest Snapshot v1, https://goo.gl/fbAQLP

exports[`<NavigationToggle /> should render correctly 1`] = `
<button
  className="root"
  onClick={null}
  type="button"
>
  <span />
  <span />
  <span />
  <span />
  <span />
  <span />
</button>
`;
