// Jest Snapshot v1, https://goo.gl/fbAQLP

exports[`<Icon /> should render correctly 1`] = `
<i
  aria-hidden="true"
  className="fas fa-file-pdf"
/>
`;
